// Jest Snapshot v1, https://goo.gl/fbAQLP

exports[`application generator --integrations should add integrations to the astro config 1`] = `
"import { defineConfig } from \\"astro/config\\";
import solid from '@astrojs/solid-js';
import vue from '@astrojs/vue';

export default defineConfig({
  outDir: '../dist/app1',
  integrations: [solid(),vue()],
});
"
`;

exports[`application generator should add project configuration 1`] = `
Object {
  "$schema": "../node_modules/nx/schemas/project-schema.json",
  "name": "app1",
  "projectType": "application",
  "root": "app1",
  "sourceRoot": "app1/src",
  "tags": Array [],
  "targets": Object {
    "build": Object {
      "executor": "@nxtensions/astro:build",
      "options": Object {},
      "outputs": Array [
        "{workspaceRoot}/dist/{projectRoot}",
      ],
    },
    "check": Object {
      "executor": "@nxtensions/astro:check",
    },
    "dev": Object {
      "executor": "@nxtensions/astro:dev",
      "options": Object {},
    },
    "preview": Object {
      "dependsOn": Array [
        Object {
          "projects": "self",
          "target": "build",
        },
      ],
      "executor": "@nxtensions/astro:preview",
      "options": Object {},
    },
    "sync": Object {
      "executor": "@nxtensions/astro:sync",
    },
  },
}
`;
